[   30398ms] [ERROR] Failed to load resource: the server responded with a status of 404 () @ https://staging.signavio.com/g/api/tenant-service/v1/tenants/fe6185009b4b4a718e88b5c22b766bc9/mappings?type=signavio_to_btp_sub_account_id_process_analysis_and_mining:0
[   30502ms] [ERROR] Failed to load resource: the server responded with a status of 401 () @ https://staging.signavio.com/spg/api/v1/fe6185009b4b4a718e88b5c22b766bc9/me:0
[   31784ms] [ERROR] Invalid Sentry Dsn: YOUR_SENTRY_DSN @ https://staging.signavio.com/g/statics/suite-shell/static/js/7778.10f94e2f.js:478
[   31801ms] [WARNING] [LaunchDarkly] The waitForInitialization function was called without a timeout specified. In a future version a default timeout will be applied. @ https://staging.signavio.com/g/statics/suite-shell/static/js/7778.10f94e2f.js:478
[   31950ms] [ERROR] Failed to load resource: the server responded with a status of 404 () @ https://staging.signavio.com/g/api/tenant-service/v1/tenants/fe6185009b4b4a718e88b5c22b766bc9/mappings?type=signavio_to_btp_sub_account_id_joule_subscription:0
[   31969ms] [WARNING] [ Federation Runtime ] Version 35.20.7 from shell of shared singleton module @signavio/ui/core does not satisfy the requirement of hub which needs 35.20.2) @ https://staging.signavio.com/g/statics/suite-shell/static/js/7778.10f94e2f.js:478
[   31970ms] [WARNING] [ Federation Runtime ] Version 10.67.0 from shell of shared singleton module @sentry/browser does not satisfy the requirement of hub which needs 10.32.1) @ https://staging.signavio.com/g/statics/suite-shell/static/js/7778.10f94e2f.js:478
[   31970ms] [WARNING] [ Federation Runtime ] Version 35.20.7 from shell of shared singleton module @signavio/ui does not satisfy the requirement of hub which needs 35.20.2) @ https://staging.signavio.com/g/statics/suite-shell/static/js/7778.10f94e2f.js:478
[   31970ms] [WARNING] [ Federation Runtime ] Version 7.18.2 from shell of shared singleton module react-router-dom does not satisfy the requirement of hub which needs 6.30.3) @ https://staging.signavio.com/g/statics/suite-shell/static/js/7778.10f94e2f.js:478
[   32031ms] [WARNING] [LaunchDarkly] The waitForInitialization function was called without a timeout specified. In a future version a default timeout will be applied. @ https://staging.signavio.com/g/statics/suite-shell/static/js/7778.10f94e2f.js:478
[   32336ms] [ERROR] Failed to load resource: the server responded with a status of 404 () @ https://staging.signavio.com/g/api/tenant-service/v1/tenants/fe6185009b4b4a718e88b5c22b766bc9/configurations?type=walkme_settings:0
[   32388ms] [WARNING] The keyword 'slider-vertical' specified to an 'appearance' property is not standardized. It will be removed in the future. Use <input type=range style="writing-mode: vertical-lr; direction: rtl"> instead. @ https://staging.signavio.com/p/hub/home:0
[   32493ms] [WARNING] The keyword 'slider-vertical' specified to an 'appearance' property is not standardized. It will be removed in the future. Use <input type=range style="writing-mode: vertical-lr; direction: rtl"> instead. @ https://staging.signavio.com/p/hub/home:0
[   35881ms] [ERROR] Failed to load resource: the server responded with a status of 404 () @ https://staging.signavio.com/g/api/process-rating/api/process-ratings/configuration:0
[   36425ms] [WARNING] [ Federation Runtime ] Version 7.18.2 from shell of shared singleton module react-router-dom does not satisfy the requirement of HubClient which needs 6.30.4) @ https://staging.signavio.com/g/statics/suite-shell/static/js/7778.10f94e2f.js:478
[   36425ms] [WARNING] [ Federation Runtime ] Version 35.20.7 from shell of shared singleton module @signavio/ui/core does not satisfy the requirement of HubClient which needs 35.20.2) @ https://staging.signavio.com/g/statics/suite-shell/static/js/7778.10f94e2f.js:478
[   36426ms] [WARNING] [ Federation Runtime ] Version 35.20.7 from shell of shared singleton module @signavio/ui does not satisfy the requirement of HubClient which needs 35.20.2) @ https://staging.signavio.com/g/statics/suite-shell/static/js/7778.10f94e2f.js:478
[   36954ms] [WARNING] [LaunchDarkly] The waitForInitialization function was called without a timeout specified. In a future version a default timeout will be applied. @ https://staging.signavio.com/g/statics/suite-shell/static/js/7778.10f94e2f.js:478
[   36954ms] [WARNING] [LaunchDarkly] The waitForInitialization function was called without a timeout specified. In a future version a default timeout will be applied. @ https://staging.signavio.com/g/statics/suite-shell/static/js/7778.10f94e2f.js:478
[   36954ms] [WARNING] [LaunchDarkly] The waitForInitialization function was called without a timeout specified. In a future version a default timeout will be applied. @ https://staging.signavio.com/g/statics/suite-shell/static/js/7778.10f94e2f.js:478
[   36955ms] [WARNING] [LaunchDarkly] The waitForInitialization function was called without a timeout specified. In a future version a default timeout will be applied. @ https://staging.signavio.com/g/statics/suite-shell/static/js/7778.10f94e2f.js:478
[   36955ms] [WARNING] [LaunchDarkly] The waitForInitialization function was called without a timeout specified. In a future version a default timeout will be applied. @ https://staging.signavio.com/g/statics/suite-shell/static/js/7778.10f94e2f.js:478
[   36955ms] [WARNING] [LaunchDarkly] The waitForInitialization function was called without a timeout specified. In a future version a default timeout will be applied. @ https://staging.signavio.com/g/statics/suite-shell/static/js/7778.10f94e2f.js:478
[   37401ms] [WARNING] You rendered descendant <Routes> (or called `useRoutes()`) at "/home" (under <Route path="home">) but the parent route path has no trailing "*". This means if you navigate deeper, the parent won't match anymore and therefore the child routes will never render.

Please change the parent <Route path="home"> to <Route path="home/*">. @ https://staging.signavio.com/g/statics/suite-shell/static/js/7778.10f94e2f.js:478
[   38905ms] [ERROR] Invalid Sentry Dsn: YOUR_SENTRY_DSN @ https://staging.signavio.com/g/statics/suite-shell/static/js/7778.10f94e2f.js:478
[   78351ms] [ERROR] Failed to load resource: the server responded with a status of 404 () @ https://staging.signavio.com/g/api/tenant-service/v1/tenants/fe6185009b4b4a718e88b5c22b766bc9/mappings?type=signavio_to_btp_sub_account_id_process_analysis_and_mining:0
[   78353ms] [ERROR] Failed to load resource: the server responded with a status of 401 () @ https://staging.signavio.com/spg/api/v1/fe6185009b4b4a718e88b5c22b766bc9/me:0
[   78722ms] [ERROR] Invalid Sentry Dsn: YOUR_SENTRY_DSN @ https://staging.signavio.com/g/statics/suite-shell/static/js/7778.10f94e2f.js:478
[   78732ms] [WARNING] [LaunchDarkly] The waitForInitialization function was called without a timeout specified. In a future version a default timeout will be applied. @ https://staging.signavio.com/g/statics/suite-shell/static/js/7778.10f94e2f.js:478
[   78886ms] [ERROR] Failed to load resource: the server responded with a status of 404 () @ https://staging.signavio.com/g/api/tenant-service/v1/tenants/fe6185009b4b4a718e88b5c22b766bc9/mappings?type=signavio_to_btp_sub_account_id_joule_subscription:0
[   78898ms] [WARNING] [ Federation Runtime ] Version 35.20.7 from shell of shared singleton module @signavio/ui/core does not satisfy the requirement of hub which needs 35.20.2) @ https://staging.signavio.com/g/statics/suite-shell/static/js/7778.10f94e2f.js:478
[   78899ms] [WARNING] [ Federation Runtime ] Version 10.67.0 from shell of shared singleton module @sentry/browser does not satisfy the requirement of hub which needs 10.32.1) @ https://staging.signavio.com/g/statics/suite-shell/static/js/7778.10f94e2f.js:478
[   78899ms] [WARNING] [ Federation Runtime ] Version 35.20.7 from shell of shared singleton module @signavio/ui does not satisfy the requirement of hub which needs 35.20.2) @ https://staging.signavio.com/g/statics/suite-shell/static/js/7778.10f94e2f.js:478
[   78899ms] [WARNING] [ Federation Runtime ] Version 7.18.2 from shell of shared singleton module react-router-dom does not satisfy the requirement of hub which needs 6.30.3) @ https://staging.signavio.com/g/statics/suite-shell/static/js/7778.10f94e2f.js:478
[   79174ms] [WARNING] [LaunchDarkly] The waitForInitialization function was called without a timeout specified. In a future version a default timeout will be applied. @ https://staging.signavio.com/g/statics/suite-shell/static/js/7778.10f94e2f.js:478
[   79282ms] [ERROR] Failed to load resource: the server responded with a status of 404 () @ https://staging.signavio.com/g/api/process-rating/api/process-ratings/configuration:0
[   79296ms] [ERROR] Failed to load resource: the server responded with a status of 404 () @ https://staging.signavio.com/g/api/tenant-service/v1/tenants/fe6185009b4b4a718e88b5c22b766bc9/configurations?type=walkme_settings:0
[   79577ms] [WARNING] [ Federation Runtime ] Version 7.18.2 from shell of shared singleton module react-router-dom does not satisfy the requirement of HubClient which needs 6.30.4) @ https://staging.signavio.com/g/statics/suite-shell/static/js/7778.10f94e2f.js:478
[   79577ms] [WARNING] [ Federation Runtime ] Version 35.20.7 from shell of shared singleton module @signavio/ui/core does not satisfy the requirement of HubClient which needs 35.20.2) @ https://staging.signavio.com/g/statics/suite-shell/static/js/7778.10f94e2f.js:478
[   79577ms] [WARNING] [ Federation Runtime ] Version 35.20.7 from shell of shared singleton module @signavio/ui does not satisfy the requirement of HubClient which needs 35.20.2) @ https://staging.signavio.com/g/statics/suite-shell/static/js/7778.10f94e2f.js:478
[   79744ms] [WARNING] [LaunchDarkly] The waitForInitialization function was called without a timeout specified. In a future version a default timeout will be applied. @ https://staging.signavio.com/g/statics/suite-shell/static/js/7778.10f94e2f.js:478
[   79744ms] [WARNING] [LaunchDarkly] The waitForInitialization function was called without a timeout specified. In a future version a default timeout will be applied. @ https://staging.signavio.com/g/statics/suite-shell/static/js/7778.10f94e2f.js:478
[   79744ms] [WARNING] [LaunchDarkly] The waitForInitialization function was called without a timeout specified. In a future version a default timeout will be applied. @ https://staging.signavio.com/g/statics/suite-shell/static/js/7778.10f94e2f.js:478
[   79744ms] [WARNING] [LaunchDarkly] The waitForInitialization function was called without a timeout specified. In a future version a default timeout will be applied. @ https://staging.signavio.com/g/statics/suite-shell/static/js/7778.10f94e2f.js:478
[   79744ms] [WARNING] [LaunchDarkly] The waitForInitialization function was called without a timeout specified. In a future version a default timeout will be applied. @ https://staging.signavio.com/g/statics/suite-shell/static/js/7778.10f94e2f.js:478
[   79744ms] [WARNING] [LaunchDarkly] The waitForInitialization function was called without a timeout specified. In a future version a default timeout will be applied. @ https://staging.signavio.com/g/statics/suite-shell/static/js/7778.10f94e2f.js:478
[   80670ms] [WARNING] Unsatisfied version 18.3.1 from shell of shared singleton module react (required =18.2.0) @ https://staging.signavio.com/g/statics/suite-shell/static/js/7778.10f94e2f.js:478
[   80670ms] [WARNING] Unsatisfied version 18.3.1 from shell of shared singleton module react-dom (required =18.2.0) @ https://staging.signavio.com/g/statics/suite-shell/static/js/7778.10f94e2f.js:478
[   80671ms] [WARNING] Unsatisfied version 7.18.2 from shell of shared singleton module react-router-dom (required ^6.16.0) @ https://staging.signavio.com/g/statics/suite-shell/static/js/7778.10f94e2f.js:478
[   81767ms] [WARNING] Date: Tue Aug 18 2026 09:51:57 GMT+0200 (Central European Summer Time) 
Message: Timed Push config: intervalTimerInMinutes is below the acceptable limit, please review to avoid problems. 
File: api.config.ConfigUtil @ https://staging.signavio.com/g/statics/suite-shell/static/js/7778.10f94e2f.js:478
[  836409ms] [ERROR] Failed to load resource: the server responded with a status of 429 () @ https://o1240783.ingest.sentry.io/api/4506111697289216/envelope/?sentry_version=7&sentry_key=03aed466a4ea97a79a6faf9d72906f72&sentry_client=sentry.javascript.browser%2F9.47.1:0
